// Jest Snapshot v1, https://goo.gl/fbAQLP

exports[`PositionEmitter renders 1`] = `
<div>
  <span
    class="position-emitter"
  >
    a
    <span
      class="position-area-overlay"
    >
      <span
        class="position-area"
      />
      <span
        class="position-area"
      />
    </span>
  </span>
</div>
`;
