// Jest Snapshot v1, https://goo.gl/fbAQLP

exports[`TokenInput renders 1`] = `
<div>
  <div
    class="token-input"
  >
    <span
      class="caret-holder"
    >
      <span
        class="caret hidden"
      />
    </span>
  </div>
  <input
    class="input-field"
    type="text"
    value=""
  />
</div>
`;
